
List of user-set options:

                                    Name   Value                used
                        file_print_level = 5                     yes
                   hessian_approximation = limited-memory        yes
                           linear_solver = mumps                 yes
                                max_iter = 20                    yes
                      nlp_scaling_method = user-scaling          yes
                             output_file = /Users/marcello/Documents/zhaw/BAZL/DRACONIAN/Dymos/Acoustics/gemini_traj_v8_out/IPOPT.out  yes
                             print_level = 5                     yes
                      print_user_options = yes                   yes
                                      sb = yes                   yes
This is Ipopt version 3.14.19, running with linear solver MUMPS 5.8.2.

Number of nonzeros in equality constraint Jacobian...:    37578
Number of nonzeros in inequality constraint Jacobian.:        0
Number of nonzeros in Lagrangian Hessian.............:        0

Total number of variables............................:      268
                     variables with only lower bounds:       36
                variables with lower and upper bounds:      129
                     variables with only upper bounds:        0
Total number of equality constraints.................:      213
Total number of inequality constraints...............:        0
        inequality constraints with only lower bounds:        0
   inequality constraints with lower and upper bounds:        0
        inequality constraints with only upper bounds:        0

iter    objective    inf_pr   inf_du lg(mu)  ||d||  lg(rg) alpha_du alpha_pr  ls
   0  6.9030000e-01 8.33e-01 9.00e+01   0.0 0.00e+00    -  0.00e+00 0.00e+00   0
   1 -5.1639337e+02 5.18e+01 3.60e+03   0.4 3.44e+01    -  4.27e-02 9.90e-01f  1
   2  1.3630190e+00 1.49e+01 5.06e+03   0.8 1.83e+01    -  9.15e-01 1.00e+00h  1
   3  1.6956878e+00 5.19e+00 4.24e+03   1.1 8.56e+00    -  7.44e-01 9.25e-01f  1
   4  1.9348050e+00 1.53e+00 4.98e+03   1.1 2.07e+01    -  9.94e-01 1.00e+00f  1
   5  2.5925363e+00 8.07e-01 2.49e+03   1.1 1.76e+01    -  1.00e+00 1.00e+00f  1
   6  2.8495117e+00 1.92e+00 1.56e+03   1.1 1.28e+01    -  8.02e-01 1.00e+00f  1
   7  2.7062819e+00 2.30e+00 6.48e+02   1.1 5.56e+00    -  1.00e+00 1.00e+00f  1
   8  2.6753503e+00 6.68e-01 2.38e+02   0.5 3.53e+00    -  9.84e-01 1.00e+00f  1
   9  2.4620782e+00 8.56e-01 1.37e+02   0.4 3.36e+00    -  9.51e-01 1.00e+00f  1
iter    objective    inf_pr   inf_du lg(mu)  ||d||  lg(rg) alpha_du alpha_pr  ls
  10  2.4937911e+00 6.86e-01 3.16e+01  -0.4 9.80e-01    -  1.00e+00 1.00e+00h  1
  11  2.4274513e+00 2.91e-01 1.23e+01  -1.3 1.83e+00    -  1.00e+00 1.00e+00h  1
  12  2.4215438e+00 1.09e-01 6.51e+00  -2.3 5.05e-01    -  1.00e+00 1.00e+00h  1
  13  2.2878960e+00 5.13e-01 1.12e+00  -3.6 2.58e+00    -  1.00e+00 1.00e+00h  1
  14  7.2570323e-01 1.33e+01 1.31e+00  -3.4 5.85e+01    -  1.00e+00 6.07e-01f  1
  15  5.9850159e-01 1.14e+01 1.74e+00  -3.5 2.51e+01    -  9.69e-01 2.35e-01h  1
  16  1.0392196e+00 2.83e+01 1.19e+00  -1.6 1.84e+01    -  1.00e+00 1.00e+00f  1
  17  1.1091214e+00 1.35e+01 5.38e-01  -1.6 7.16e+00    -  1.00e+00 1.00e+00h  1
  18  1.0000992e+00 1.09e+01 5.71e-01  -1.6 7.40e+00    -  8.76e-01 9.50e-01h  1
  19  1.0536554e+00 8.98e+00 4.41e-01  -1.6 6.44e+00    -  1.00e+00 1.00e+00h  1
iter    objective    inf_pr   inf_du lg(mu)  ||d||  lg(rg) alpha_du alpha_pr  ls
  20  1.1031212e+00 8.80e+00 7.48e-01  -1.6 8.11e+00    -  1.00e+00 5.00e-01h  2

Number of Iterations....: 20

                                   (scaled)                 (unscaled)
Objective...............:   1.1031211564013557e+00    1.1031211564013557e+00
Dual infeasibility......:   7.4769726354872534e-01    7.4769726354872534e-01
Constraint violation....:   8.7976544438662696e+00    8.7976544438662696e+00
Variable bound violation:   0.0000000000000000e+00    0.0000000000000000e+00
Complementarity.........:   2.7520779494753608e-02    2.7520779494753608e-02
Overall NLP error.......:   8.7976544438662696e+00    8.7976544438662696e+00


Number of objective function evaluations             = 23
Number of objective gradient evaluations             = 21
Number of equality constraint evaluations            = 23
Number of inequality constraint evaluations          = 0
Number of equality constraint Jacobian evaluations   = 21
Number of inequality constraint Jacobian evaluations = 0
Number of Lagrangian Hessian evaluations             = 0
Total seconds in IPOPT                               = 10.380

EXIT: Maximum Number of Iterations Exceeded.
